Calendar size: 1000
Run#0 OK
Run#1 OK
Run#2 OK
Run#3 OK
Run#4 OK
