
===== BEGIN =====

===== Init1 =====

===== Run1 =====
new A1: 0 
new B1: 0 
A1: 0.116835 b=2 (>1)
delete A1: 0.116835 
new A2: 4.09555 
new B2: 4.09555 
B1: 4.09555 b=1 (<2)
B2: 4.09555 b=1 (<2)
new A3: 11.1084 
new B3: 11.1084 
B3: 11.1084 b=1 (<2)
new A4: 11.1657 
new B4: 11.1657 
B4: 11.1657 b=0 (<2)
new A5: 15.3984 
new B5: 15.3984 
A2: 15.3984 b=2 (>1)
delete A2: 15.3984 
B2: 15.3984 b=2 (>1)
B1: 15.3984 b=2 (>1)
B3: 15.3984 b=2 (>1)
A4: 15.6686 b=2 (>1)
delete A4: 15.6686 
A3: 17.2399 b=2 (>1)
delete A3: 17.2399 
B4: 18.7514 b=2 (>1)
new A6: 22.3394 
new B6: 22.3394 
B2: 22.3394 b=3 (>2)
delete B2: 22.3394 
B1: 22.3394 b=3 (>2)
delete B1: 22.3394 
B3: 22.3394 b=3 (>2)
delete B3: 22.3394 
B4: 22.3394 b=3 (>2)
delete B4: 22.3394 
A5: 22.4285 b=3 (>1)
delete A5: 22.4285 
new A7: 24.0917 
new B7: 24.0917 
A7: 27.2568 b=2 (>1)
delete A7: 27.2568 
A6: 30.825 b=2 (>1)
delete A6: 30.825 
new A8: 34.0387 
new B8: 34.0387 
B5: 34.0387 b=1 (<2)
B6: 34.0387 b=1 (<2)
B7: 34.0387 b=1 (<2)
B8: 34.0387 b=1 (<2)
new A9: 34.6773 
new B9: 34.6773 
B9: 34.6773 b=1 (<2)
new A10: 37.4077 
new B10: 37.4077 
B10: 37.4077 b=1 (<2)
new A11: 48.1052 
new B11: 48.1052 
B11: 48.1052 b=1 (<2)
new A12: 48.2864 
new B12: 48.2864 
B6: 48.2864 b=2 (>1)
B8: 48.2864 b=2 (>1)
A8: 48.2864 b=2 (>1)
delete A8: 48.2864 
B7: 48.2864 b=2 (>1)
B5: 48.2864 b=2 (>1)
B9: 48.2864 b=2 (>1)
A9: 48.2864 b=2 (>1)
delete A9: 48.2864 
B10: 48.2864 b=2 (>1)
A10: 48.2864 b=2 (>1)
delete A10: 48.2864 
new A13: 51.404 
new B13: 51.404 
B12: 51.404 b=1 (<2)
B13: 51.404 b=1 (<2)
new A14: 53.6941 
new B14: 53.6941 
B12: 53.9764 b=2 (>1)
A12: 54.0383 b=2 (>1)
delete A12: 54.0383 
A11: 54.9593 b=2 (>1)
delete A11: 54.9593 
B13: 56.5404 b=2 (>1)
A13: 57.3818 b=2 (>1)
delete A13: 57.3818 
B11: 57.6203 b=2 (>1)
A14: 61.1665 b=2 (>1)
delete A14: 61.1665 
new A15: 68.466 
new B15: 68.466 
new A16: 72.4573 
new B16: 72.4573 
new A17: 73.883 
new B17: 73.883 
B14: 73.883 b=1 (<2)
B15: 73.883 b=1 (<2)
B16: 73.883 b=1 (<2)
B17: 73.883 b=1 (<2)
new A18: 89.2879 
new B18: 89.2879 
B14: 89.2879 b=2 (>1)
A15: 89.2879 b=2 (>1)
delete A15: 89.2879 
A16: 89.2879 b=2 (>1)
delete A16: 89.2879 
B16: 89.2879 b=2 (>1)
B17: 89.2879 b=2 (>1)
B15: 89.2879 b=2 (>1)
A17: 89.2879 b=2 (>1)
delete A17: 89.2879 
new A19: 89.781 
new B19: 89.781 
B18: 89.781 b=0 (<2)
B19: 89.781 b=0 (<2)
new A20: 98.8554 
new B20: 98.8554 
B6: 98.8554 b=3 (>2)
delete B6: 98.8554 
B8: 98.8554 b=3 (>2)
delete B8: 98.8554 
B7: 98.8554 b=3 (>2)
delete B7: 98.8554 
B5: 98.8554 b=3 (>2)
delete B5: 98.8554 
B9: 98.8554 b=3 (>2)
delete B9: 98.8554 
B10: 98.8554 b=3 (>2)
delete B10: 98.8554 
B12: 98.8554 b=3 (>2)
delete B12: 98.8554 
B13: 98.8554 b=3 (>2)
delete B13: 98.8554 
B11: 98.8554 b=3 (>2)
delete B11: 98.8554 
B14: 98.8554 b=3 (>2)
delete B14: 98.8554 
B16: 98.8554 b=3 (>2)
delete B16: 98.8554 
B17: 98.8554 b=3 (>2)
delete B17: 98.8554 
B15: 98.8554 b=3 (>2)
delete B15: 98.8554 
A18: 98.8554 b=3 (>1)
delete A18: 98.8554 
B19: 98.8554 b=3 (>1)
B19: 98.8554 b=3 (>2)
delete B19: 98.8554 
A19: 98.8554 b=3 (>1)
delete A19: 98.8554 
B18: 99.3059 b=3 (>1)
B18: 99.3059 b=3 (>2)
delete B18: 99.3059 

===== Init2 =====
delete A20: 0 
delete B20: 0 

===== Run2 =====
new A21: 0 
new B21: 0 
B21: 0 b=0 (<2)
new A22: 8.85972 
new B22: 8.85972 
B21: 8.85972 b=3 (>1)
B21: 8.85972 b=3 (>2)
delete B21: 8.85972 
A21: 8.85972 b=3 (>1)
delete A21: 8.85972 
A22: 13.4699 b=3 (>1)
delete A22: 13.4699 
new A23: 37.5907 
new B23: 37.5907 
B22: 37.5907 b=1 (<2)
B23: 37.5907 b=1 (<2)
new A24: 38.7828 
new B24: 38.7828 
B22: 38.7828 b=2 (>1)
A24: 42.1554 b=2 (>1)
delete A24: 42.1554 
A23: 42.7934 b=2 (>1)
delete A23: 42.7934 
B23: 46.3362 b=2 (>1)
new A25: 48.4396 
new B25: 48.4396 
B22: 48.4396 b=3 (>2)
delete B22: 48.4396 
B23: 48.4396 b=3 (>2)
delete B23: 48.4396 
A25: 52.8485 b=3 (>1)
delete A25: 52.8485 
new A26: 54.9197 
new B26: 54.9197 
B24: 54.9197 b=0 (<2)
B25: 54.9197 b=0 (<2)
B26: 54.9197 b=0 (<2)
new A27: 55.8868 
new B27: 55.8868 
B26: 57.5987 b=3 (>1)
B26: 57.5987 b=3 (>2)
delete B26: 57.5987 
B25: 59.1354 b=3 (>1)
B25: 59.1354 b=3 (>2)
delete B25: 59.1354 
A26: 59.4444 b=3 (>1)
delete A26: 59.4444 
B24: 59.9456 b=3 (>1)
B24: 59.9456 b=3 (>2)
delete B24: 59.9456 
A27: 64.1159 b=3 (>1)
delete A27: 64.1159 
new A28: 79.1037 
new B28: 79.1037 
B27: 79.1037 b=0 (<2)
B28: 79.1037 b=0 (<2)
new A29: 80.1863 
new B29: 80.1863 
B29: 80.1863 b=0 (<2)
new A30: 80.2147 
new B30: 80.2147 
B29: 80.6051 b=2 (>1)
A30: 81.163 b=2 (>1)
delete A30: 81.163 
A28: 84.8538 b=2 (>1)
delete A28: 84.8538 
A29: 86.0552 b=2 (>1)
delete A29: 86.0552 
B28: 86.9979 b=2 (>1)
B27: 87.5388 b=2 (>1)
new A31: 94.0837 
new B31: 94.0837 
B30: 94.0837 b=0 (<2)
B31: 94.0837 b=0 (<2)
new A32: 95.2826 
new B32: 95.2826 
B29: 95.2826 b=3 (>2)
delete B29: 95.2826 
B28: 95.2826 b=3 (>2)
delete B28: 95.2826 
B27: 95.2826 b=3 (>2)
delete B27: 95.2826 
A31: 95.2826 b=3 (>1)
delete A31: 95.2826 
B31: 95.6103 b=3 (>1)
B31: 95.6103 b=3 (>2)
delete B31: 95.6103 
B30: 96.9584 b=3 (>1)
B30: 96.9584 b=3 (>2)
delete B30: 96.9584 
A32: 97.2358 b=3 (>1)
delete A32: 97.2358 
new A33: 97.3972 
new B33: 97.3972 
B32: 97.3972 b=0 (<2)
B33: 97.3972 b=0 (<2)

===== Init3 =====
delete B32: 0 
delete B33: 0 
delete A33: 0 

===== Run3 =====
new A34: 0 
new B34: 0 
new A35: 0.421698 
new B35: 0.421698 
B34: 0.421698 b=1 (<2)
B35: 0.421698 b=1 (<2)
new A36: 3.20646 
new B36: 3.20646 
B35: 3.20646 b=2 (>1)
B34: 5.24002 b=2 (>1)
A34: 5.25193 b=2 (>1)
delete A34: 5.25193 
A35: 6.45177 b=2 (>1)
delete A35: 6.45177 
A36: 6.91044 b=2 (>1)
delete A36: 6.91044 
new A37: 10.2281 
new B37: 10.2281 
B35: 10.2281 b=3 (>2)
delete B35: 10.2281 
B34: 10.2281 b=3 (>2)
delete B34: 10.2281 
new A38: 10.9029 
new B38: 10.9029 
B36: 10.9029 b=1 (<2)
B37: 10.9029 b=1 (<2)
B38: 10.9029 b=1 (<2)
new A39: 12.3242 
new B39: 12.3242 
B39: 12.3242 b=0 (<2)
new A40: 20.2172 
new B40: 20.2172 
B40: 20.2172 b=1 (<2)
new A41: 37.1191 
new B41: 37.1191 
B36: 37.1191 b=2 (>1)
A37: 37.1191 b=2 (>1)
delete A37: 37.1191 
A38: 37.1191 b=2 (>1)
delete A38: 37.1191 
B39: 37.1191 b=2 (>1)
B38: 37.1191 b=2 (>1)
B37: 37.1191 b=2 (>1)
B40: 37.1191 b=2 (>1)
A39: 37.1191 b=2 (>1)
delete A39: 37.1191 
A40: 37.1191 b=2 (>1)
delete A40: 37.1191 
new A42: 44.3189 
new B42: 44.3189 
B41: 44.3189 b=0 (<2)
B42: 44.3189 b=0 (<2)
new A43: 48.4106 
new B43: 48.4106 
A42: 48.4106 b=2 (>1)
delete A42: 48.4106 
A41: 48.4106 b=2 (>1)
delete A41: 48.4106 
new A44: 48.4675 
new B44: 48.4675 
B36: 48.4675 b=3 (>2)
delete B36: 48.4675 
B39: 48.4675 b=3 (>2)
delete B39: 48.4675 
B38: 48.4675 b=3 (>2)
delete B38: 48.4675 
B37: 48.4675 b=3 (>2)
delete B37: 48.4675 
B40: 48.4675 b=3 (>2)
delete B40: 48.4675 
B41: 49.1127 b=3 (>1)
B41: 49.1127 b=3 (>2)
delete B41: 49.1127 
B42: 52.0975 b=3 (>1)
B42: 52.0975 b=3 (>2)
delete B42: 52.0975 
A43: 52.774 b=3 (>1)
delete A43: 52.774 
new A45: 53.9423 
new B45: 53.9423 
A44: 55.5421 b=2 (>1)
delete A44: 55.5421 
new A46: 58.1357 
new B46: 58.1357 
B43: 58.1357 b=1 (<2)
B44: 58.1357 b=1 (<2)
B45: 58.1357 b=1 (<2)
B46: 58.1357 b=1 (<2)
new A47: 64.2123 
new B47: 64.2123 
B44: 64.2123 b=3 (>1)
B44: 64.2123 b=3 (>2)
delete B44: 64.2123 
B46: 64.2123 b=3 (>1)
B46: 64.2123 b=3 (>2)
delete B46: 64.2123 
A45: 64.2123 b=3 (>1)
delete A45: 64.2123 
B43: 64.2123 b=3 (>1)
B43: 64.2123 b=3 (>2)
delete B43: 64.2123 
A46: 64.2123 b=3 (>1)
delete A46: 64.2123 
B45: 64.7073 b=3 (>1)
B45: 64.7073 b=3 (>2)
delete B45: 64.7073 
new A48: 65.6292 
new B48: 65.6292 
B47: 65.6292 b=1 (<2)
B48: 65.6292 b=1 (<2)
new A49: 70.4842 
new B49: 70.4842 
B49: 70.4842 b=1 (<2)
new A50: 73.0179 
new B50: 73.0179 
B50: 73.0179 b=0 (<2)
new A51: 74.1225 
new B51: 74.1225 
B51: 74.1225 b=0 (<2)
new A52: 77.9101 
new B52: 77.9101 
A47: 77.9101 b=3 (>1)
delete A47: 77.9101 
B48: 77.9101 b=3 (>1)
B48: 77.9101 b=3 (>2)
delete B48: 77.9101 
B51: 77.9101 b=3 (>1)
B51: 77.9101 b=3 (>2)
delete B51: 77.9101 
A48: 77.9101 b=3 (>1)
delete A48: 77.9101 
B47: 77.9101 b=3 (>1)
B47: 77.9101 b=3 (>2)
delete B47: 77.9101 
B49: 77.9101 b=3 (>1)
B49: 77.9101 b=3 (>2)
delete B49: 77.9101 
new A53: 78.7664 
new B53: 78.7664 
B52: 78.7664 b=0 (<2)
B53: 78.7664 b=0 (<2)
new A54: 84.1937 
new B54: 84.1937 
A49: 84.1937 b=3 (>1)
delete A49: 84.1937 
A51: 84.1937 b=3 (>1)
delete A51: 84.1937 
A52: 84.1937 b=3 (>1)
delete A52: 84.1937 
A50: 84.1937 b=3 (>1)
delete A50: 84.1937 
A53: 84.1937 b=3 (>1)
delete A53: 84.1937 
B50: 84.1937 b=3 (>1)
B50: 84.1937 b=3 (>2)
delete B50: 84.1937 
B52: 84.1937 b=3 (>1)
B52: 84.1937 b=3 (>2)
delete B52: 84.1937 
B53: 85.3447 b=3 (>1)
B53: 85.3447 b=3 (>2)
delete B53: 85.3447 
new A55: 86.7119 
new B55: 86.7119 
B54: 86.7119 b=1 (<2)
B55: 86.7119 b=1 (<2)
new A56: 96.3498 
new B56: 96.3498 
B56: 96.3498 b=1 (<2)

===== END =====
delete B54: 100 
delete A54: 100 
delete A55: 100 
delete B55: 100 
delete B56: 100 
delete A56: 100 
