
===== BEGIN =====

===== Init1 =====

===== Run1 =====
new A: 0 
new B1: 0 
new C1: 0 
A: Start at time 0
B: Start at time 0
C: Start at time 0
B1: 0.116835 
new A: 2.53834 
new B2: 2.53834 
new C2: 2.53834 
A: Start at time 2.53834
B: Start at time 2.53834
C: Start at time 2.53834
B1: 3.60949 
C1: 4.16132 
A: 1 5.41002 
new A: 5.4998 
new B3: 5.4998 
new C3: 5.4998 
A: Start at time 5.4998
B: Start at time 5.4998
C: Start at time 5.4998
A: 1 5.7603 
C2: 5.89323 
A: 2 6.73987 
B2: 8.30646 
C2: 9.42374 
B3: 10.0028 
C1: 10.2928 
A: 1 10.7996 
A: 2 11.1725 
A: 2 13.0487 
C3: 13.0856 
B1: 13.5239 
A: 3 13.7699 
A: 3 14.3376 
new A: 15.4961 
new B4: 15.4961 
new C4: 15.4961 
A: Start at time 15.4961
B: Start at time 15.4961
C: Start at time 15.4961
A: 3 16.4314 
C1: 17.0586 
C2: 17.1124 
A: 4 17.338 
B2: 17.5214 
B3: 18.4884 
A: 1 19.3207 
B4: 19.3251 
A: 5 19.3477 
new A: 20.055 
new B5: 20.055 
new C5: 20.055 
A: Start at time 20.055
B: Start at time 20.055
C: Start at time 20.055
A: 4 20.3648 
new A: 20.3864 
new B6: 20.3864 
new C6: 20.3864 
A: Start at time 20.3864
B: Start at time 20.3864
C: Start at time 20.3864
B1: 20.4632 
C2: 20.793 
C2: 21.8837 
C4: 22.1355 
C3: 22.1722 
new A: 22.6765 
new B7: 22.6765 
new C7: 22.6765 
A: Start at time 22.6765
B: Start at time 22.6765
C: Start at time 22.6765
A: 1 22.9588 
A: 2 23.3397 
A: 5 23.509 
C1: 23.8141 
A: 3 24.3316 
new A: 24.3551 
new B8: 24.3551 
new C8: 24.3551 
A: Start at time 24.3551
B: Start at time 24.3551
C: Start at time 24.3551
A: 6 24.8089 
B3: 25.1068 
A: 4 25.3048 
new A: 25.486 
new B9: 25.486 
new C9: 25.486 
A: Start at time 25.486
B: Start at time 25.486
C: Start at time 25.486
C6: 25.5228 
C6: 25.5739 
C5: 25.8068 
new A: 25.8106 
new B10: 25.8106 
new C10: 25.8106 
A: Start at time 25.8106
B: Start at time 25.8106
C: Start at time 25.8106
B3: 25.8232 
B2: 25.8736 
A: 2 25.9283 
B3: 25.9576 
C5: 26.1824 
A: 6 26.2018 
B5: 26.3198 
B6: 26.3642 
C6: 26.7302 
C5: 26.7665 
A: 1 26.837 
B1: 26.8815 
B10: 26.9316 
A: 7 26.9417 
C3: 27.6675 
A: 5 27.8684 
A: 1 27.9492 
A: 8 28.1618 
C7: 28.4459 
B4: 29.057 
C6: 29.0794 
A: 4 29.2 
C4: 29.2281 
C2: 29.3561 
C6: 29.3867 
B9: 29.6994 
A: 3 29.784 
C5: 30.139 
B2: 30.4838 
B1: 30.6647 
B7: 30.7511 
C4: 31.0333 
C7: 31.1248 
B7: 31.1699 
B10: 31.3406 
C5: 31.4016 
A: 7 31.4044 
B8: 31.8476 
C1: 31.9164 
B8: 32.0766 
B7: 32.1182 
A: 1 32.1442 
A: 2 32.1648 
C7: 32.3737 
A: 3 32.4894 
A: 9 32.6864 
A: 6 32.8942 
A: 1 32.9325 
C1: 33.4429 
B6: 33.4691 
B10: 33.4965 
A: 1 33.5798 
C8: 33.6421 
C10: 34.0336 
C9: 34.0523 
A: 2 34.0974 
C9: 34.1288 
A: 8 34.2791 
B3: 34.3203 
A: 2 34.4872 
new A: 34.6703 
new B11: 34.6703 
new C11: 34.6703 
A: Start at time 34.6703
B: Start at time 34.6703
C: Start at time 34.6703
B5: 35.0653 
C11: 35.3661 
B9: 35.4496 
A: 4 36.2443 
C7: 36.2556 
C3: 36.3172 
B1: 36.5337 
A: 5 36.8561 
A: 5 37.4291 
C9: 37.6169 
A: 4 37.6783 
C6: 37.8218 
B10: 37.8523 
C2: 37.8571 
C4: 37.8965 
A: 9 37.9831 
A: 6 38.2214 
A: 5 38.246 
B1: 38.421 
C8: 38.4604 
A: 7 38.4816 
A: 6 38.4941 
C11: 38.6256 
B6: 38.7211 
B4: 38.7891 
C7: 39.3163 
B7: 39.4001 
C4: 39.4832 
A: 1 39.5399 
C5: 39.7557 
B8: 39.808 
C10: 40.0637 
A: 2 40.1653 
B9: 40.3128 
A: 2 40.4118 
B2: 40.4413 
C10: 40.6731 
A: 10 40.7538 
A: 3 40.8015 
A: 3 41.1297 
B10: 41.2483 
A: 6 41.7614 
A: 2 42.1562 
C9: 42.295 
new A: 42.3642 
new B12: 42.3642 
new C12: 42.3642 
A: Start at time 42.3642
B: Start at time 42.3642
C: Start at time 42.3642
C12: 42.7053 
B11: 42.7502 
C1: 42.83 
A: 7 42.8574 
A: 7 43.0152 
B6: 43.12 
C6: 43.2753 
A: 10 43.3963 
C6: 43.4686 
B5: 43.4892 
A: 3 43.5246 
B3: 43.7135 
C5: 43.7749 
C8: 43.9068 
B8: 44.3714 
A: 8 44.5921 
B7: 44.7313 
C7: 44.8206 
new A: 44.8979 
new B13: 44.8979 
new C13: 44.8979 
A: Start at time 44.8979
B: Start at time 44.8979
C: Start at time 44.8979
C3: 44.9807 
A: 4 45.1509 
A: 4 45.1602 
B4: 45.8638 
C9: 45.9003 
A: 4 45.9573 
B13: 46.0397 
B1: 46.1996 
B9: 46.2607 
A: 3 46.7369 
C2: 46.8905 
C9: 47.1214 
A: 1 47.2537 
C11: 47.2827 
B5: 47.4822 
B12: 47.5958 
B9: 47.6168 
C4: 47.6657 
C8: 47.7228 
B3: 48.1439 
A: 11 48.3207 
A: 3 48.3385 
A: 8 48.3966 
B4: 48.5422 
A: 8 48.6811 
C5: 48.7517 
C10: 48.7584 
A: 12 48.8051 
B6: 49.0345 
C11: 49.403 
C7: 49.4885 
B13: 49.8771 
new A: 49.917 
new B14: 49.917 
new C14: 49.917 
A: Start at time 49.917
B: Start at time 49.917
C: Start at time 49.917
A: 5 50.1004 
C13: 50.1476 
B1: 50.2634 
B2: 50.372 
A: 7 50.5257 
B10: 50.6034 
A: 5 50.652 
B1: 50.6626 
A: 2 50.8269 
A: 5 50.8549 
B8: 50.9497 
B13: 51.1495 
C7: 51.1623 
C12: 51.1783 
B9: 51.1987 
A: 1 51.3554 
B3: 51.4056 
A: 9 51.5125 
C9: 51.5355 
A: 8 51.57 
B7: 51.5854 
C2: 51.6023 
B8: 51.6028 
B3: 51.711 
A: 4 51.7638 
A: 11 51.8078 
B2: 51.9963 
B12: 52.2149 
C8: 52.2202 
C6: 52.2632 
B11: 52.2925 
C1: 52.6427 
C1: 52.7503 
A: 4 53.1019 
A: 9 53.3348 
A: 1 53.8893 
B10: 54.0874 
C6: 54.1103 
A: 2 54.185 
C4: 54.4838 
B4: 54.5499 
C11: 54.585 
new A: 54.6551 
new B15: 54.6551 
new C15: 54.6551 
A: Start at time 54.6551
B: Start at time 54.6551
C: Start at time 54.6551
C3: 54.6647 
A: 6 54.6994 
C6: 55.0866 
A: 13 55.1288 
C7: 55.1313 
A: 9 55.1628 
A: 6 55.3781 
C10: 55.4419 
C8: 55.5277 
B10: 55.7176 
A: 9 55.7646 
B5: 55.8712 
A: 10 55.9817 
C14: 56.0542 
C2: 56.0752 
A: 6 56.0873 
B11: 56.1453 
C13: 56.477 
C4: 56.741 
B13: 56.8121 
B7: 56.8736 
A: 14 56.9935 
B6: 57.1148 
C3: 57.1651 
C5: 57.2361 
B2: 57.3708 
B15: 57.4064 
A: 3 57.4516 
B9: 57.4815 
B15: 57.5222 
C9: 57.7 
B10: 58.0278 
C10: 58.0392 
B1: 58.0552 
B11: 58.516 
B12: 58.6604 
B14: 58.7027 
A: 12 58.762 
C14: 58.8839 
A: 10 58.9266 
A: 3 59.2523 
B15: 59.2807 
C1: 59.7826 
A: 2 60.0077 
C15: 60.0231 
A: 5 60.0821 
C12: 60.1232 
A: 1 60.1356 
A: 11 60.1689 
A: 2 60.343 
C1: 60.3923 
C2: 60.4644 
A: 5 60.4686 
A: 4 60.5764 
A: 4 60.7623 
B3: 60.7807 
C6: 60.8626 
B3: 61.1515 
C3: 61.1824 
B8: 61.3247 
B2: 61.4079 
C8: 61.4091 
A: 7 61.4561 
A: 6 61.7385 
C14: 61.7654 
A: 13 61.9463 
A: 7 62.0293 
A: 10 62.1145 
A: 12 62.2327 
A: 5 62.2899 
A: 11 62.4601 
C5: 62.6429 
C11: 62.6984 
B9: 62.8084 
B8: 63.1097 
C13: 63.2834 
B5: 63.3386 
C13: 63.4294 
B14: 63.4661 
B1: 63.4718 
A: 8 63.7934 
B6: 63.8123 
A: 6 63.8176 
C4: 63.9012 
C12: 64.0527 
B7: 64.3583 
A: 12 64.3981 
B4: 64.5345 
C7: 64.6346 
C14: 64.6457 
B13: 64.7258 
C8: 64.8412 
A: 10 64.9294 
C12: 65.1941 
C9: 65.2753 
B2: 65.5314 
A: 8 65.6569 
A: 14 65.67 
C10: 65.7888 
C1: 65.8155 
A: 7 65.8623 
C12: 65.881 
B10: 65.9415 
B15: 65.9802 
C15: 66.3285 
B11: 66.3402 
C7: 66.4831 
A: 5 66.8428 
A: 15 66.9446 
B9: 66.9502 
C13: 67.1527 
B6: 67.3184 
B14: 67.416 
C12: 67.4559 
B12: 67.5081 
A: 15 67.6899 
C5: 67.7006 
A: 3 67.774 
C3: 68.1169 
C4: 68.1188 
new A: 68.3795 
new B16: 68.3795 
new C16: 68.3795 
A: Start at time 68.3795
B: Start at time 68.3795
C: Start at time 68.3795
C4: 68.4388 
A: 11 68.9226 
C14: 69.356 
B5: 69.511 
B13: 69.5316 
A: 6 69.7268 
C2: 69.7927 
C16: 69.8741 
C13: 69.8747 
A: 3 70.0433 
A: 4 70.0755 
B3: 70.1633 
A: 11 70.1636 
A: 13 70.2611 
B1: 70.317 
B2: 70.4585 
C6: 70.6176 
A: 9 70.6489 
A: 9 70.7003 
C4: 70.9163 
C16: 70.9397 
A: 7 70.9416 
C11: 71.1606 
C8: 71.2976 
B12: 71.3236 
A: 7 71.3965 
A: 16 71.4261 
A: 7 71.6238 
C12: 71.6466 
A: 5 71.6916 
B6: 71.9582 
B8: 72.0032 
C13: 72.0036 
C5: 72.0556 
A: 13 72.0581 
C15: 72.2861 
A: 14 72.3138 
B7: 72.3142 
C8: 72.398 
C10: 72.4029 
C9: 72.4593 
B1: 72.5051 
B16: 72.7245 
C10: 72.9055 
C7: 72.9892 
B15: 73.4014 
B4: 73.585 
A: 17 73.6387 
A: 12 73.8809 
B10: 73.9714 
A: 16 74.1291 
B11: 74.1316 
C12: 74.3156 
B8: 74.3228 
A: 13 74.3305 
B6: 74.3754 
C11: 74.4609 
B4: 74.5145 
B14: 74.5405 
A: 8 74.6827 
A: 4 74.8895 
A: 17 74.9859 
A: 6 74.9942 
A: 18 75.1076 
A: 18 75.1786 
C1: 75.4062 
new A: 75.4279 
new B17: 75.4279 
new C17: 75.4279 
A: Start at time 75.4279
B: Start at time 75.4279
C: Start at time 75.4279
A: 10 75.4673 
C11: 75.5426 
B9: 75.554 
B12: 75.74 
B15: 75.9813 
A: 10 76.0864 
C2: 76.2539 
A: 6 76.338 
C3: 76.4959 
B10: 76.5064 
B10: 76.6273 
B14: 76.7381 
B13: 76.9658 
B2: 77.0359 
A: 19 77.064 
A: 7 77.132 
C2: 77.2137 
A: 8 77.3167 
B10: 77.3727 
new A: 77.3935 
new B18: 77.3935 
new C18: 77.3935 
A: Start at time 77.3935
B: Start at time 77.3935
C: Start at time 77.3935
B10: 77.7293 
B12: 77.7714 
C14: 77.8678 
C13: 77.9255 
B3: 78.1383 
new A: 78.1426 
new B19: 78.1426 
new C19: 78.1426 
A: Start at time 78.1426
B: Start at time 78.1426
C: Start at time 78.1426
A: 1 78.2916 
B18: 78.4472 
B7: 78.511 
A: 5 78.61 
new A: 78.7739 
new B20: 78.7739 
new C20: 78.7739 
A: Start at time 78.7739
B: Start at time 78.7739
C: Start at time 78.7739
C6: 78.7938 
B5: 78.8083 
C9: 78.8415 
A: 12 78.8863 
B6: 78.9342 
A: 6 79.3011 
A: 1 79.3234 
A: 7 79.4593 
A: 11 79.5449 
A: 1 79.6684 
A: 12 79.8371 
B5: 79.8866 
A: 8 79.9124 
B9: 80.0149 
C20: 80.0733 
C16: 80.1309 
C12: 80.1473 
B1: 80.2542 
B2: 80.2612 
B20: 80.28 
C2: 80.3247 
B9: 80.334 
B15: 80.3385 
C12: 80.3822 
C11: 80.4266 
C3: 80.4666 
B4: 80.5585 
B8: 80.636 
B12: 80.6434 
C4: 80.7085 
A: 19 80.709 
C13: 80.8621 
B18: 80.8898 
C7: 80.9086 
C5: 80.9875 
A: 8 81.0196 
A: 14 81.0253 
B3: 81.1163 
A: 9 81.1206 
C8: 81.495 
A: 9 81.7382 
C10: 81.7634 
C10: 81.8037 
C15: 81.8809 
C1: 81.9495 
A: 15 82.1203 
B16: 82.13 
B19: 82.1329 
A: 11 82.1661 
new A: 82.5446 
new B21: 82.5446 
new C21: 82.5446 
A: Start at time 82.5446
B: Start at time 82.5446
C: Start at time 82.5446
A: 7 82.6154 
A: 9 82.6156 
B1: 82.719 
B3: 82.8702 
A: 8 82.9451 
A: 8 83.0668 
A: 20 83.0845 
C1: 83.1013 
C3: 83.1269 
C12: 83.1825 
B17: 83.3867 
B9: 83.3959 
C9: 83.5982 
C10: 83.8124 
C19: 83.8243 
B11: 83.8852 
C9: 83.9371 
A: 14 83.9617 
B7: 84.007 
C12: 84.1974 
A: 2 84.3057 
C4: 84.3261 
A: 13 84.3341 
A: 16 84.3629 
A: 1 84.3701 
C9: 84.4002 
C17: 84.439 
C18: 84.5589 
B20: 84.9516 
B13: 84.9783 
C7: 85.0446 
A: 1 85.1894 
C16: 85.2186 
A: 10 85.3123 
C3: 85.3304 
A: 15 85.3349 
B19: 85.3782 
C9: 85.3831 
B20: 85.396 
C5: 85.4145 
B4: 85.4267 
C2: 85.6382 
A: 10 85.716 
A: 15 85.8834 
A: 13 85.8996 
A: 2 85.9862 
B4: 85.9884 
B14: 86.1948 
C21: 86.2886 
C3: 86.3294 
B4: 86.336 
new A: 86.3669 
new B22: 86.3669 
new C22: 86.3669 
A: Start at time 86.3669
B: Start at time 86.3669
C: Start at time 86.3669
B15: 86.5895 
B16: 86.7646 
C9: 86.7806 
B10: 86.8093 
A: 1 86.8117 
B5: 86.8122 
C3: 86.8309 
B20: 87.062 
C14: 87.1276 
C11: 87.1887 
A: 9 87.2751 
C19: 87.3475 
C12: 87.4177 
B17: 87.5709 
C6: 87.5954 
B15: 87.6745 
B3: 87.6991 
A: 14 87.8815 
C13: 87.9123 
B2: 88.1551 
C6: 88.1618 
A: 12 88.2581 
A: 8 88.2616 
A: 9 88.2849 
B7: 88.3992 
B6: 88.44 
B9: 88.4403 
A: 16 88.5701 
B8: 88.6125 
C1: 88.6268 
C8: 88.6275 
C13: 88.6547 
B22: 88.7865 
A: 2 88.8107 
A: 9 88.8368 
C19: 88.8601 
A: 2 88.9581 
C5: 89.1306 
B10: 89.1859 
A: 2 89.2147 
A: 9 89.2151 
A: 11 89.42 
B12: 89.4766 
B2: 89.6239 
C20: 89.8644 
B18: 90.0526 
A: 20 90.1794 
A: 1 90.183 
B9: 90.2416 
A: 11 90.3217 
C12: 90.3395 
B17: 90.4152 
B15: 90.4908 
B19: 90.632 
A: 13 90.868 
C7: 90.8722 
B1: 90.9278 
B2: 90.9654 
B13: 91.0283 
C7: 91.0602 
B10: 91.0863 
C9: 91.1539 
B7: 91.4333 
B20: 91.473 
A: 3 91.5669 
C16: 91.6244 
B4: 91.6343 
A: 10 91.7466 
C10: 91.762 
C15: 91.7633 
A: 10 91.834 
B21: 91.8542 
C15: 91.8993 
A: 10 91.9558 
C4: 91.9737 
C16: 92.166 
C1: 92.1896 
C8: 92.208 
A: 2 92.2675 
A: 21 92.2752 
C10: 92.277 
A: 21 92.4699 
B14: 92.6706 
C4: 92.6994 
C6: 92.7415 
C9: 92.7623 
B13: 92.7753 
B12: 92.8025 
C11: 92.8046 
C22: 92.81 
C12: 92.8392 
C10: 92.8936 
A: 12 92.9565 
C11: 93.0617 
C18: 93.1171 
B16: 93.1334 
C15: 93.1802 
A: 14 93.2646 
A: 17 93.4456 
A: 11 93.4552 
A: 2 93.474 
B2: 93.5005 
B18: 93.5765 
new A: 93.7122 
new B23: 93.7122 
new C23: 93.7122 
A: Start at time 93.7122
B: Start at time 93.7122
C: Start at time 93.7122
B6: 93.7176 
B11: 93.7262 
B11: 93.8512 
C9: 94.0133 
B20: 94.0768 
C2: 94.1896 
C7: 94.2267 
C17: 94.2708 
A: 17 94.3876 
A: 16 94.4078 
B8: 94.45 
A: 4 94.4568 
B18: 94.5686 
C13: 94.6979 
A: 3 94.8842 
A: 10 94.9282 
B1: 94.9652 
C3: 94.9663 
C6: 95.0711 
C8: 95.2329 
B6: 95.2799 
B3: 95.3129 
B16: 95.3813 
A: 18 95.3891 
A: 10 95.4296 
C16: 95.4935 
B3: 95.5512 
A: 3 95.7103 
A: 3 95.754 
C12: 95.9026 
C20: 95.9177 
B13: 95.9556 
A: 3 95.9876 
B7: 96.0696 
C4: 96.0869 
C14: 96.2091 
A: 15 96.2125 
C21: 96.276 
B13: 96.3107 
B13: 96.3534 
C1: 96.5847 
B5: 96.6209 
B21: 96.621 
A: 3 96.6594 
B2: 96.6894 
A: 12 96.7219 
C1: 96.7593 
B2: 96.7753 
C8: 96.9385 
C5: 97.0299 
B8: 97.0538 
C16: 97.0552 
B16: 97.2519 
B4: 97.3128 
C11: 97.3721 
A: 4 97.3753 
C7: 97.4691 
B6: 97.6286 
B19: 97.6501 
B14: 97.6562 
B7: 97.7403 
B23: 97.7759 
B9: 97.9192 
A: 1 97.9385 
A: 14 98.1829 
B22: 98.2792 
B1: 98.4368 
C18: 98.4598 
C19: 98.5192 
A: 13 98.5222 
C10: 98.7059 
B2: 98.7318 
B16: 98.781 
A: 17 98.8245 
A: 4 98.8907 
A: 11 98.9495 
B1: 98.9681 
C9: 99.0233 
A: 3 99.0446 
B16: 99.0918 
A: 11 99.2471 
C15: 99.2906 
A: 18 99.3631 
A: 22 99.3776 
A: 13 99.4036 
C23: 99.4145 
C21: 99.4818 
B17: 99.5932 
A: 11 99.6532 
B10: 99.6539 
B17: 99.769 
B5: 99.8365 
C17: 99.8829 
B4: 99.9203 
B15: 99.9548 
C20: 99.9902 

===== Init2 =====
delete B7: 0 
delete A: 0 
delete A: 0 
delete B3: 0 
delete C9: 0 
delete B4: 0 
delete A: 0 
delete B2: 0 
delete A: 0 
delete A: 0 
delete A: 0 
delete B12: 0 
delete A: 0 
delete B6: 0 
delete C10: 0 
delete A: 0 
delete B22: 0 
delete C22: 0 
delete A: 0 
delete A: 0 
delete C3: 0 
delete B11: 0 
delete A: 0 
delete B20: 0 
delete B19: 0 
delete C12: 0 
delete B8: 0 
delete B17: 0 
delete A: 0 
delete B18: 0 
delete C7: 0 
delete A: 0 
delete C16: 0 
delete A: 0 
delete A: 0 
delete C13: 0 
delete C2: 0 
delete C1: 0 
delete C4: 0 
delete C8: 0 
delete C6: 0 
delete B13: 0 
delete C14: 0 
delete B10: 0 
delete B1: 0 
delete B16: 0 
delete B9: 0 
delete A: 0 
delete C15: 0 
delete A: 0 
delete A: 0 
delete A: 0 
delete C23: 0 
delete B21: 0 
delete B15: 0 
delete B14: 0 
delete C18: 0 
delete C5: 0 
delete B5: 0 
delete C21: 0 
delete C17: 0 
delete C11: 0 
delete B23: 0 
delete C19: 0 
delete A: 0 
delete A: 0 
delete A: 0 
delete C20: 0 
delete A: 0 

===== Run2 =====
new A: 0 
new B1: 0 
new C1: 0 
A: Start at time 0
B: Start at time 0
C: Start at time 0
C1: 5.9824 
new A: 7.13773 
new B2: 7.13773 
new C2: 7.13773 
A: Start at time 7.13773
B: Start at time 7.13773
C: Start at time 7.13773
A: 1 7.17055 
C1: 7.35508 
B1: 7.64245 
B1: 8.15912 
C1: 8.43545 
C2: 9.20228 
A: 2 9.33036 
C1: 9.91549 
B2: 11.3442 
C2: 12.0745 
C1: 12.364 
new A: 13.1577 
new B3: 13.1577 
new C3: 13.1577 
A: Start at time 13.1577
B: Start at time 13.1577
C: Start at time 13.1577
A: 3 14.6077 
C2: 14.6562 
new A: 14.7535 
new B4: 14.7535 
new C4: 14.7535 
A: Start at time 14.7535
B: Start at time 14.7535
C: Start at time 14.7535
B4: 15.1689 
A: 1 15.8137 
B3: 15.8348 
A: 1 15.8403 
C3: 16.057 
A: 4 16.5925 
A: 1 16.9833 
C3: 17.0442 
C2: 17.2063 
B2: 17.3863 
B1: 17.7249 
C3: 17.7972 
B3: 18.4108 
B4: 18.9132 
C4: 19.4003 
A: 2 20.5395 
C1: 20.9058 
A: 2 22.9311 
C1: 23.0636 
B2: 23.9029 
C4: 24.502 
A: 3 24.6438 
B1: 25.065 
A: 2 25.0704 
C1: 25.3933 
C2: 25.5816 
A: 3 25.9971 
A: 5 26.2661 
C3: 26.3328 
A: 6 27.2015 
A: 4 27.2331 
B3: 27.2725 
C2: 27.5432 
B4: 27.5745 
B2: 27.8238 
C3: 27.9752 
B3: 28.0416 
A: 4 29.2481 
A: 5 29.4358 
C1: 29.8274 
C3: 31.2916 
C2: 31.3138 
A: 3 31.3236 
C1: 31.6589 
B3: 31.8397 
C4: 32.1794 
new A: 32.3866 
new B5: 32.3866 
new C5: 32.3866 
A: Start at time 32.3866
B: Start at time 32.3866
C: Start at time 32.3866
A: 5 32.6395 
A: 6 33.0297 
new A: 33.4707 
new B6: 33.4707 
new C6: 33.4707 
A: Start at time 33.4707
B: Start at time 33.4707
C: Start at time 33.4707
B1: 33.594 
B4: 34.0459 
B5: 34.2053 
A: 7 34.6638 
B2: 35.0059 
A: 8 35.4959 
A: 7 35.7234 
C1: 35.7429 
B1: 36.5937 
A: 6 37.198 
C4: 38.5211 
A: 9 38.6795 
B5: 38.6945 
B1: 38.7103 
B6: 38.7293 
C2: 39.0918 
B5: 39.2519 
B6: 39.463 
A: 1 39.5434 
A: 8 39.6987 
C3: 39.7171 
B5: 40.1368 
A: 1 40.2104 
A: 4 40.6153 
B5: 40.6382 
B3: 40.8272 
C1: 41.4592 
A: 2 41.8672 
C5: 42.2094 
C5: 42.3384 
B6: 42.3656 
B3: 42.8498 
B4: 43.1959 
C6: 43.3984 
B2: 44.6663 
new A: 44.8146 
new B7: 44.8146 
new C7: 44.8146 
A: Start at time 44.8146
B: Start at time 44.8146
C: Start at time 44.8146
C5: 44.836 
A: 1 44.9984 
B3: 45.1133 
B6: 45.2986 
new A: 45.4391 
new B8: 45.4391 
new C8: 45.4391 
A: Start at time 45.4391
B: Start at time 45.4391
C: Start at time 45.4391
B6: 45.6835 
C6: 45.8999 
C3: 45.9697 
B1: 46.227 
C2: 46.8397 
A: 7 46.9478 
C5: 46.9708 
A: 2 47.0288 
A: 9 47.2443 
C4: 47.3588 
A: 5 47.7755 
A: 10 47.7867 
C1: 47.8108 
B1: 48.3175 
B5: 48.6946 
A: 3 48.8516 
C3: 49.0224 
B7: 49.9544 
A: 10 50.1292 
A: 6 50.1654 
B5: 50.3148 
B2: 50.395 
A: 2 50.607 
C2: 50.7499 
B6: 50.8949 
C8: 50.9127 
C5: 51.3046 
A: 3 51.3161 
B3: 51.6654 
C1: 51.8353 
C1: 51.9363 
A: 1 52.4366 
B4: 53.0834 
C7: 53.2335 
C8: 53.2353 
A: 8 53.6498 
C6: 53.792 
A: 11 53.9624 
C5: 54.0326 
B8: 54.1194 
new A: 54.6009 
new B9: 54.6009 
new C9: 54.6009 
A: Start at time 54.6009
B: Start at time 54.6009
C: Start at time 54.6009
A: 3 55.399 
C4: 55.6806 
A: 1 55.917 
C7: 56.0692 
A: 11 56.4323 
A: 4 56.5271 
B8: 56.8344 
C3: 57.1169 
A: 4 57.2313 
B1: 57.2673 
B3: 57.4286 
A: 5 57.4615 
B7: 57.8156 
B8: 57.9266 
C6: 58.2103 
C9: 58.3486 
A: 7 58.4142 
A: 4 58.4562 
C6: 58.5874 
C8: 58.8756 
B7: 59.0372 
C9: 59.1192 
A: 9 59.146 
B5: 59.1863 
C9: 59.4737 
B8: 59.5116 
A: 6 59.7727 
B6: 59.816 
B5: 59.8816 
B3: 59.8884 
C2: 60.2189 
B4: 60.2643 
B2: 60.2778 
B4: 60.2987 
B6: 60.4795 
B2: 60.9131 
C5: 61.3147 
C4: 61.5745 
A: 12 61.593 
C3: 61.6956 
C1: 61.6995 
B7: 61.9027 
A: 2 61.9984 
C5: 62.1429 
C7: 62.9281 
C7: 63.3611 
A: 10 63.4735 
B1: 63.9446 
B9: 64.5002 
A: 7 64.8125 
C8: 64.8718 
A: 12 64.937 
A: 13 65.2485 
new A: 65.2661 
new B10: 65.2661 
new C10: 65.2661 
A: Start at time 65.2661
B: Start at time 65.2661
C: Start at time 65.2661
A: 8 65.2898 
A: 2 65.3631 
B1: 65.4874 
C5: 65.5239 
A: 8 65.648 
C4: 65.9454 
C9: 66.0339 
B9: 66.1201 
A: 5 66.5563 
A: 5 66.726 
B3: 66.879 
B8: 67.0949 
C7: 67.333 
A: 6 67.3878 
B5: 67.7168 
C1: 68.2898 
new A: 68.3072 
new B11: 68.3072 
new C11: 68.3072 
A: Start at time 68.3072
B: Start at time 68.3072
C: Start at time 68.3072
C6: 68.4835 
new A: 68.6618 
new B12: 68.6618 
new C12: 68.6618 
A: Start at time 68.6618
B: Start at time 68.6618
C: Start at time 68.6618
B11: 68.6712 
B6: 68.7107 
new A: 68.8353 
new B13: 68.8353 
new C13: 68.8353 
A: Start at time 68.8353
B: Start at time 68.8353
C: Start at time 68.8353
C8: 69.3317 
C10: 69.3421 
C4: 69.4382 
B1: 69.7634 
C6: 69.7929 
C2: 69.9943 
B2: 70.0195 
B4: 70.1174 
C3: 70.1935 
C1: 70.3135 
C1: 70.6034 
B3: 71.1699 
A: 3 71.2086 
A: 11 71.3224 
B7: 71.6397 
A: 9 71.6449 
C7: 72.0174 
A: 10 72.1158 
B7: 72.1438 
A: 9 72.1944 
B10: 72.358 
C2: 72.4289 
C11: 72.5089 
B5: 72.7524 
B6: 72.8568 
A: 14 72.9724 
A: 4 73.0094 
A: 6 73.2074 
C9: 73.2864 
C6: 73.6395 
B11: 73.7567 
A: 13 73.962 
C13: 74.1756 
A: 1 74.2925 
C10: 74.3329 
A: 1 74.3361 
A: 10 74.39 
A: 7 74.4183 
B3: 74.7055 
B13: 74.7344 
A: 1 74.7354 
A: 3 74.9132 
C5: 75.3777 
A: 15 75.5183 
C13: 75.6158 
B9: 75.6815 
A: 4 75.7144 
B8: 75.7438 
new A: 75.9006 
new B14: 75.9006 
new C14: 75.9006 
A: Start at time 75.9006
B: Start at time 75.9006
C: Start at time 75.9006
C7: 75.9275 
B5: 76.2072 
A: 11 76.2252 
C8: 76.2876 
B7: 76.3778 
B1: 76.6267 
C12: 76.6269 
A: 1 76.7575 
C6: 77.138 
B14: 77.2945 
A: 2 77.3219 
B8: 78.0772 
C4: 78.4448 
C4: 78.4638 
B12: 78.5109 
A: 2 78.6539 
new A: 78.6557 
new B15: 78.6557 
new C15: 78.6557 
A: Start at time 78.6557
B: Start at time 78.6557
C: Start at time 78.6557
B10: 78.7821 
B2: 78.7957 
C12: 78.9225 
B4: 78.9864 
C3: 79.0817 
C2: 79.1026 
B7: 79.1758 
A: 3 79.3865 
C11: 79.4181 
C1: 79.5561 
A: 11 79.6981 
C2: 79.8753 
B14: 79.9991 
A: 2 80.0779 
A: 3 80.1154 
C11: 80.1711 
C8: 80.3159 
B5: 80.5982 
C4: 80.7477 
C8: 80.9389 
A: 12 80.9607 
A: 12 81.0252 
B11: 81.1146 
A: 14 81.307 
A: 7 81.315 
C1: 81.3339 
C9: 81.3351 
A: 4 81.8214 
B6: 81.956 
C13: 81.9835 
C5: 82.0284 
A: 5 82.15 
C10: 82.1853 
C2: 82.2726 
A: 5 82.6632 
A: 12 82.6723 
A: 8 82.7478 
A: 8 82.7748 
C6: 82.8209 
A: 1 82.8582 
B14: 83.0652 
C7: 83.1742 
C13: 83.3395 
C3: 83.7657 
B9: 83.928 
B4: 83.9339 
C2: 83.9349 
C15: 84.0696 
C9: 84.0709 
B1: 84.0788 
C4: 84.1394 
B3: 84.3055 
B13: 84.3349 
B8: 84.3374 
B4: 84.3731 
A: 2 84.565 
A: 16 84.7317 
B15: 84.8448 
C14: 84.9622 
B10: 84.9872 
B2: 85.0185 
B12: 85.2919 
B7: 85.3215 
A: 5 85.3279 
A: 17 85.4033 
A: 18 85.4112 
A: 6 85.6638 
A: 2 85.6651 
A: 6 85.6759 
C10: 85.7359 
C12: 85.7539 
B11: 86.0462 
C2: 86.2207 
B14: 86.2551 
C15: 86.4386 
B11: 86.5726 
C8: 86.733 
B14: 86.9383 
B11: 87.043 
C5: 87.0463 
A: 3 87.1079 
B12: 87.3777 
C13: 87.4413 
A: 13 87.4544 
B15: 87.6668 
A: 6 87.7312 
B5: 87.7642 
A: 13 87.7877 
A: 15 87.7971 
A: 1 87.919 
A: 9 88.0811 
A: 2 88.1203 
A: 3 88.2541 
A: 13 88.2832 
A: 14 88.4372 
A: 14 88.5231 
C3: 88.6541 
B2: 88.7588 
A: 4 88.7888 
A: 7 88.8257 
A: 19 88.8881 
new A: 89.0886 
new B16: 89.0886 
new C16: 89.0886 
A: Start at time 89.0886
B: Start at time 89.0886
C: Start at time 89.0886
C11: 89.5569 
A: 15 90.2861 
B15: 90.3977 
B9: 90.4566 
A: 7 90.5782 
B14: 90.6108 
C1: 90.615 
C10: 90.6194 
C7: 90.6374 
C16: 90.7594 
C6: 90.9588 
A: 1 90.9893 
B11: 91.079 
B6: 91.0916 
B8: 91.1484 
C13: 91.1617 
A: 4 91.1807 
B4: 91.4939 
B1: 91.4991 
A: 9 91.5053 
B10: 91.9073 
C15: 92.475 
B13: 92.5249 
A: 14 92.5491 
C9: 92.5731 
B12: 92.5749 
A: 10 92.8284 
A: 3 92.9917 
C2: 93.2614 
C8: 93.2639 
B11: 93.4298 
B3: 93.5706 
C4: 93.7125 
B5: 93.8087 
A: 4 93.8618 
C14: 93.8723 
C5: 94.1162 
B7: 94.1325 
C8: 94.2593 
C3: 94.5337 
B15: 94.7266 
A: 7 94.9698 
A: 15 94.9804 
C13: 94.9972 
B13: 95.0968 
C6: 95.1618 
B1: 95.2449 
C12: 95.6311 
A: 4 95.7212 
C16: 95.7242 
A: 3 95.9093 
C15: 95.914 
B3: 96.2658 
A: 8 96.2934 
C4: 96.3703 
B6: 96.4561 
new A: 96.5909 
new B17: 96.5909 
new C17: 96.5909 
A: Start at time 96.5909
B: Start at time 96.5909
C: Start at time 96.5909
A: 5 96.7611 
A: 16 96.7729 
C14: 96.8627 
new A: 96.9355 
new B18: 96.9355 
new C18: 96.9355 
A: Start at time 96.9355
B: Start at time 96.9355
C: Start at time 96.9355
A: 17 96.9715 
A: 9 97.2663 
A: 5 97.367 
B10: 97.419 
B4: 97.4345 
B16: 97.4787 
A: 11 97.4855 
A: 5 97.6267 
B1: 97.6384 
B5: 97.7176 
A: 16 97.8964 
A: 1 97.9376 
B2: 98.0329 
A: 20 98.1055 
C17: 98.2828 
C8: 98.501 
B10: 98.5651 
B9: 98.676 
B12: 98.8231 
C11: 98.9151 
C8: 98.9167 
A: 17 98.9892 
B8: 99.0098 
B5: 99.1511 
C7: 99.3665 
C13: 99.4296 
C1: 99.4452 
A: 8 99.6415 
B14: 99.6671 
B16: 99.7167 
B7: 99.8287 
C13: 99.9012 
A: 9 99.9316 
A: 16 99.9855 

===== Init3 =====
delete C10: 0 
delete C3: 0 
delete B5: 0 
delete C6: 0 
delete C16: 0 
delete A: 0 
delete A: 0 
delete C15: 0 
delete B7: 0 
delete A: 0 
delete C9: 0 
delete B10: 0 
delete A: 0 
delete B18: 0 
delete C18: 0 
delete C7: 0 
delete A: 0 
delete C5: 0 
delete A: 0 
delete B15: 0 
delete C2: 0 
delete B2: 0 
delete B11: 0 
delete A: 0 
delete B9: 0 
delete B8: 0 
delete A: 0 
delete B13: 0 
delete C4: 0 
delete A: 0 
delete A: 0 
delete A: 0 
delete C14: 0 
delete C12: 0 
delete B6: 0 
delete A: 0 
delete B4: 0 
delete B17: 0 
delete A: 0 
delete B3: 0 
delete A: 0 
delete C8: 0 
delete B12: 0 
delete B16: 0 
delete A: 0 
delete C13: 0 
delete B1: 0 
delete C17: 0 
delete A: 0 
delete A: 0 
delete B14: 0 
delete C11: 0 
delete C1: 0 
delete A: 0 

===== Run3 =====
new A: 0 
new B1: 0 
new C1: 0 
A: Start at time 0
B: Start at time 0
C: Start at time 0
new A: 1.09655 
new B2: 1.09655 
new C2: 1.09655 
A: Start at time 1.09655
B: Start at time 1.09655
C: Start at time 1.09655
A: 1 1.41667 
B2: 1.69958 
C2: 2.02774 
B1: 3.68025 
new A: 4.13653 
new B3: 4.13653 
new C3: 4.13653 
A: Start at time 4.13653
B: Start at time 4.13653
C: Start at time 4.13653
C1: 4.92971 
A: 2 7.49171 
C3: 7.7201 
C2: 8.42806 
A: 1 8.6354 
B3: 8.80526 
A: 3 9.60215 
C1: 10.0336 
B2: 11.32 
B1: 11.4334 
B3: 12.3018 
C1: 12.8396 
A: 1 13.1362 
C1: 13.5938 
B2: 13.6488 
new A: 13.8152 
new B4: 13.8152 
new C4: 13.8152 
A: Start at time 13.8152
B: Start at time 13.8152
C: Start at time 13.8152
A: 2 14.8875 
A: 4 16.0308 
C3: 16.0356 
B1: 16.0573 
B3: 16.3393 
A: 1 16.395 
C2: 16.6158 
B2: 17.1632 
A: 2 18.239 
A: 5 18.3096 
C3: 19.793 
C4: 20.1816 
B1: 20.2253 
B4: 20.8664 
C4: 21.0174 
B3: 22.5075 
B1: 22.8363 
new A: 23.1181 
new B5: 23.1181 
new C5: 23.1181 
A: Start at time 23.1181
B: Start at time 23.1181
C: Start at time 23.1181
A: 1 23.2283 
C1: 23.5818 
A: 3 23.6937 
C2: 23.9899 
C4: 24.4008 
B2: 24.5478 
B1: 24.5958 
A: 2 24.9973 
A: 6 25.2029 
A: 4 25.4857 
C4: 25.7318 
A: 3 25.7383 
A: 2 25.8082 
B4: 26.7665 
B3: 27.058 
A: 3 27.2964 
C3: 28.2069 
B4: 29.0322 
C5: 29.2859 
A: 7 29.3973 
A: 8 30.5008 
A: 3 30.529 
B2: 31.3096 
C4: 31.3326 
C3: 31.7935 
B5: 31.8797 
C1: 32.9802 
C2: 33.2418 
A: 5 33.4712 
A: 4 34.0883 
B1: 34.1767 
C2: 34.4501 
A: 6 34.6164 
A: 4 35.3294 
C5: 35.4115 
B4: 35.7091 
C1: 36.2464 
A: 4 36.2478 
B2: 36.273 
C2: 36.5205 
B3: 36.9729 
C3: 37.5264 
C4: 38.7664 
new A: 39.4994 
new B6: 39.4994 
new C6: 39.4994 
A: Start at time 39.4994
B: Start at time 39.4994
C: Start at time 39.4994
A: 9 39.5189 
A: 5 39.7257 
A: 1 39.7943 
B3: 39.8995 
A: 5 39.9724 
new A: 39.9881 
new B7: 39.9881 
new C7: 39.9881 
A: Start at time 39.9881
B: Start at time 39.9881
C: Start at time 39.9881
B1: 41.2762 
B5: 41.5691 
C3: 41.8063 
A: 6 41.9157 
A: 7 42.2042 
A: 8 42.4293 
B4: 42.683 
A: 2 42.9775 
C2: 43.0062 
C5: 43.1786 
C6: 44.0519 
A: 6 44.5832 
C2: 44.6459 
A: 7 44.8073 
C5: 44.8156 
A: 7 45.1734 
A: 5 45.4232 
C7: 45.4913 
C7: 45.5176 
C1: 45.5456 
B2: 45.7356 
B6: 45.8422 
A: 8 45.9715 
C4: 46.0775 
A: 3 46.2552 
C2: 46.6201 
C5: 46.8713 
A: 9 47.0113 
B3: 47.5131 
C4: 47.5287 
B2: 47.6175 
B7: 47.8113 
A: 4 48.0799 
A: 10 48.1834 
A: 8 48.2864 
B1: 48.6032 
A: 9 48.6307 
A: 9 48.8877 
B4: 48.9594 
C6: 49.1299 
C7: 49.1928 
A: 1 49.2131 
C5: 49.9601 
A: 6 50.0494 
C3: 50.3219 
C2: 50.4172 
A: 11 50.7011 
new A: 51.0271 
new B8: 51.0271 
new C8: 51.0271 
A: Start at time 51.0271
B: Start at time 51.0271
C: Start at time 51.0271
B5: 51.0643 
B8: 51.5937 
A: 2 52.1226 
C3: 52.2463 
A: 10 52.3273 
A: 1 52.4198 
B3: 52.5233 
A: 10 52.7327 
A: 11 52.7741 
C6: 52.9334 
B1: 53.0203 
C5: 53.0501 
A: 12 53.2081 
B7: 53.3315 
A: 11 53.359 
B6: 53.579 
B2: 54.0539 
C8: 54.1479 
C1: 54.1641 
C7: 54.4656 
A: 12 54.5382 
B5: 55.6226 
C4: 56.0216 
B4: 56.3358 
C6: 56.9476 
C5: 57.1249 
C1: 57.3458 
B1: 57.3535 
A: 5 57.7368 
A: 10 58.0629 
A: 7 58.0699 
C4: 58.2616 
C2: 58.3311 
A: 2 58.5725 
C4: 58.587 
B2: 58.6958 
C8: 59.1798 
B3: 59.1965 
B1: 59.5662 
A: 11 59.6385 
B6: 59.655 
A: 6 59.9821 
B8: 60.2063 
A: 8 60.5622 
A: 13 60.6442 
B1: 60.7817 
A: 9 60.8218 
C3: 60.8321 
A: 7 60.8468 
B5: 60.8965 
B7: 61.2789 
B2: 61.3454 
A: 3 61.5685 
A: 12 61.8502 
C7: 62.1989 
B2: 62.2766 
B5: 62.4172 
C8: 62.4746 
A: 12 63.0825 
A: 14 63.0964 
C1: 63.2057 
B6: 63.405 
A: 13 63.4493 
new A: 63.6411 
new B9: 63.6411 
new C9: 63.6411 
A: Start at time 63.6411
B: Start at time 63.6411
C: Start at time 63.6411
B4: 63.7541 
A: 10 64.1514 
B3: 64.2827 
C4: 64.3051 
A: 3 64.4407 
B1: 64.4546 
A: 8 64.5203 
B5: 64.6707 
C2: 64.9261 
C5: 65.0929 
C6: 65.3827 
C2: 65.6886 
C9: 65.6925 
A: 13 65.7704 
A: 13 66.5306 
A: 4 66.6829 
B1: 66.7732 
new A: 66.8098 
new B10: 66.8098 
new C10: 66.8098 
A: Start at time 66.8098
B: Start at time 66.8098
C: Start at time 66.8098
C7: 66.8567 
A: 14 67.0947 
C8: 67.6482 
C7: 68.0027 
C5: 68.1123 
A: 9 68.2752 
C3: 68.5747 
A: 14 68.6398 
B4: 68.6942 
B9: 68.9203 
B8: 69.0127 
B3: 69.0701 
A: 1 69.1022 
B7: 69.3728 
A: 11 69.5306 
A: 1 69.589 
B5: 69.8937 
C6: 69.9407 
C9: 70.3461 
C1: 70.358 
C3: 71.6924 
A: 5 71.718 
B4: 71.833 
A: 15 71.9159 
A: 15 71.9541 
B2: 72.2047 
C4: 72.3836 
B3: 72.4863 
C2: 72.4913 
B6: 73.1798 
B10: 73.2519 
B1: 73.5772 
B9: 73.6469 
B3: 73.9221 
A: 16 74.0278 
A: 4 74.0306 
B8: 74.2064 
C7: 74.2265 
C3: 74.5314 
A: 2 74.7756 
A: 14 74.8547 
C8: 74.9815 
A: 10 75.1149 
C10: 75.5446 
C2: 75.6039 
C3: 75.7824 
A: 6 76.2955 
A: 15 76.613 
B4: 76.6926 
A: 16 76.7911 
B7: 77.041 
C6: 77.0691 
B8: 77.2358 
C5: 77.4172 
A: 15 77.7153 
A: 16 77.7939 
C10: 77.8316 
C1: 77.9628 
A: 2 78.0052 
C3: 78.1732 
A: 11 78.2583 
B6: 78.2873 
B10: 78.3742 
A: 17 78.4695 
C9: 78.4896 
B3: 78.5159 
A: 5 78.6026 
B2: 78.6529 
A: 12 78.6971 
C4: 78.7619 
B2: 78.9138 
C2: 79.4203 
A: 17 79.4641 
B5: 79.6585 
B7: 80.4197 
A: 6 80.6713 
C4: 80.9769 
C1: 81.1115 
A: 16 81.1825 
C10: 81.2654 
C5: 81.3731 
C4: 81.6734 
B9: 81.6792 
B6: 81.7398 
B1: 81.7805 
A: 12 82.4432 
A: 13 82.5986 
A: 7 82.6828 
B1: 83.0705 
C8: 83.3227 
A: 3 83.7517 
A: 3 83.7974 
A: 8 83.8141 
A: 7 83.9291 
A: 17 84.0095 
C7: 84.0964 
B8: 84.0979 
C1: 84.9789 
C8: 85.2542 
C3: 85.3336 
B7: 85.568 
C9: 85.5719 
C4: 86.0216 
C6: 86.1272 
B5: 86.1625 
B4: 86.3262 
A: 4 86.3594 
B3: 86.7111 
B1: 86.8375 
C4: 87.1392 
A: 18 87.4187 
B8: 87.814 
B10: 87.8517 
C10: 87.8895 
A: 5 88.0658 
C5: 88.093 
C5: 88.2266 
A: 6 88.3505 
C2: 88.4608 
B2: 88.5508 
A: 18 88.5731 
A: 9 88.7216 
C9: 89.0467 
A: 17 89.0667 
B9: 89.668 
A: 8 89.7803 
C6: 90.0842 
C4: 90.3993 
C1: 90.7108 
A: 19 90.7672 
C2: 90.9121 
C3: 91.2702 
A: 10 91.274 
A: 7 91.2882 
B6: 91.3837 
C8: 91.5339 
A: 18 91.5411 
A: 13 91.6108 
A: 4 91.7643 
C3: 91.7658 
C5: 91.8004 
C7: 91.9338 
B4: 92.172 
C5: 92.2737 
A: 14 92.4408 
A: 19 92.9914 
B2: 93.0985 
A: 18 93.5466 
new A: 93.7051 
new B11: 93.7051 
new C11: 93.7051 
A: Start at time 93.7051
B: Start at time 93.7051
C: Start at time 93.7051
B5: 93.7789 
C5: 94.0312 
A: 20 94.2895 
B7: 94.3159 
B11: 94.7166 
B10: 94.9203 
C5: 95.0485 
B1: 95.29 
C1: 95.3142 
C11: 95.9275 
B3: 96.0098 
A: 20 96.0624 
C10: 96.2208 
A: 5 96.3303 
A: 9 96.371 
C6: 96.6647 
A: 19 96.9063 
A: 11 96.9185 
A: 10 97.3506 
C2: 97.4625 
C8: 97.483 
A: 20 97.4941 
B8: 97.5503 
B9: 97.7122 
B9: 97.8902 
A: 1 97.9454 
C5: 98.1854 
C9: 98.3465 
C4: 98.3827 
A: 6 98.7166 
C3: 98.8732 
C8: 98.8801 
A: 21 99.1859 
C8: 99.5882 
B8: 99.6806 
B4: 99.7754 
C7: 99.9146 

===== END =====
delete C11: 100 
delete B5: 100 
delete C6: 100 
delete C10: 100 
delete A: 100 
delete A: 100 
delete A: 100 
delete A: 100 
delete B10: 100 
delete B6: 100 
delete A: 100 
delete C2: 100 
delete A: 100 
delete B7: 100 
delete B11: 100 
delete A: 100 
delete B2: 100 
delete C1: 100 
delete C9: 100 
delete B1: 100 
delete A: 100 
delete B3: 100 
delete A: 100 
delete A: 100 
delete C3: 100 
delete C5: 100 
delete B9: 100 
delete C4: 100 
delete B4: 100 
delete A: 100 
delete C7: 100 
delete C8: 100 
delete B8: 100 
