0.683348
0.541002
0.0116835
0.416132
0.349265
0.641325
0.322196
0.576812
0.335489
0.991444
0.613151
0.132985
0.223255
0.529979
0.450297
0.758578
0.541217
0.35305
0.703002
0.92149
0.768867
0.848558
0.676576
0.224909
0.316509
0.338269
0.908661
0.693924
0.356812
0.602722
0.504679
0.382467
0.382907
0.663941
0.887341
0.675553
0.368058
0.200964
0.835226
0.661841
0.401894
0.973181
0.685413
0.951505
0.6782
0.626486
0.575183
0.314418
0.709271
0.257244
0.597782
0.513648
0.641835
0.109068
0.747242
0.709264
0.549529
0.777407
0.527267
0.807461
0.576943
0.29695
0.0991884
0.129993
0.810227
0.48684
0.843969
0.778914
0.749255
0.928703
0.213283
0.0716454
0.256362
0.952484
0.74465
0.421339
0.856632
0.00510469
0.115635
0.037564
0.264753
0.776924
0.112108
0.822305
0.0134382
0.461016
0.385573
0.836266
0.0584049
0.520263
0.874549
0.710496
0.234917
0.337255
0.765025
0.378319
0.440892
0.122002
0.864967
0.502584
